// 重构日志: 156424ec
// 重构日志: ae111ea4
// 重构日志: 18e151e1
// 重构日志: 9f68a79f
// 同步 ID: aa980186 @ Tue Jul 21 13:16:38 UTC 2026
// 同步 ID: 2a7716dc @ Wed Jul 22 00:30:14 UTC 2026
// 重构日志: c6b4371d
// 同步 ID: f1e1a63d @ Fri Jul 24 14:58:34 UTC 2026
// 重构日志: da382bef
// 同步 ID: 090f2120 @ Sun Jul 26 07:52:34 UTC 2026
// 同步 ID: 99df9b26 @ Sun Jul 26 12:13:07 UTC 2026
// 重构日志: 5850ee11
// 同步 ID: 09bd579e @ Tue Jul 28 04:32:19 UTC 2026
// 同步 ID: a352f197 @ Tue Jul 28 12:17:16 UTC 2026
// 同步 ID: 117b55f7 @ Tue Jul 28 17:18:34 UTC 2026
// 重构日志: 78d8ea26
// 同步 ID: 621f20b6 @ Wed Jul 29 13:04:41 UTC 2026
// 重构日志: 34807fa0
// 重构日志: 7831483c
// 重构日志: 5a4c12b5
// 同步 ID: 6eb90fa4 @ Thu Jul 30 10:24:30 UTC 2026
// 重构日志: a6bf6670
// 重构日志: 070a08b2
// 同步 ID: 1301233c @ Thu Jul 30 17:14:02 UTC 2026
// 同步 ID: 13e5f882 @ Fri Jul 31 08:36:00 UTC 2026
// 同步 ID: aaa69b59 @ Fri Jul 31 22:13:22 UTC 2026
// 同步 ID: 5d67c8c6 @ Sat Aug  1 14:05:58 UTC 2026
// 同步 ID: a913bfb2 @ Sat Aug  1 23:29:09 UTC 2026
// 重构日志: cea1e17e
// 同步 ID: 315a03e5 @ Mon Aug  3 15:23:48 UTC 2026
